(table.get $table
 (i32.const 0)
)
(table.size $table)
(table.grow $table
 (ref.null func)
 (i32.const 0)
)
(module
 (type $i32_i32_=>_i32 (func (param i32 i32) (result i32)))
 (type $none_=>_none (func))
 (type $anyref_i32_i32_=>_i32 (func (param anyref i32 i32) (result i32)))
 (type $anyref_=>_i32 (func (param anyref) (result i32)))
 (import "future-wasi" "write" (func $write (param anyref i32 i32) (result i32)))
 (global $max_int64 i64 (i64.const 9223372036854775807))
 (global $max_int64_mut (mut i64) (i64.const 9223372036854775807))
 (global $test_float64_bits f64 (f64.const 1.23))
 (memory $0 1)
 (data (i32.const 0) "hello")
 (data "world")
 (table $table 1 1 funcref)
 (elem $elem (i32.const 0) $adder)
 (export "adder" (func $adder))
 (export "memory" (memory $0))
 (export "hello" (func $hello))
 (start $start)
 (func $adder (param $0 i32) (param $1 i32) (result i32)
  (block $add (result i32)
   (if
    (i32.const 0)
    (unreachable)
   )
   (i32.add
    (select
     (local.get $0)
     (i32.load8_s
      (local.get $1)
     )
     (i32.const 1)
    )
    (local.get $1)
   )
  )
 )
 (func $start
  (drop
   (call_indirect $table (type $i32_i32_=>_i32)
    (i32.const 3)
    (i32.const 5)
    (i32.const 0)
   )
  )
 )
 (func $hello (param $0 anyref) (result i32)
  (call $write
   (local.get $0)
   (i32.const 0)
   (i32.const 1)
  )
 )
)
(module
 (type $i32_i32_=>_i32 (func (param i32 i32) (result i32)))
 (type $none_=>_none (func))
 (type $anyref_i32_i32_=>_i32 (func (param anyref i32 i32) (result i32)))
 (type $anyref_=>_i32 (func (param anyref) (result i32)))
 (import "future-wasi" "write" (func $write (param anyref i32 i32) (result i32)))
 (memory $0 1)
 (data (i32.const 0) "hello")
 (table $table 1 1 funcref)
 (elem $elem (i32.const 0) $adder)
 (export "adder" (func $adder))
 (export "memory" (memory $0))
 (export "hello" (func $hello))
 (start $start)
 (func $adder (; has Stack IR ;) (param $0 i32) (param $1 i32) (result i32)
  (i32.add
   (select
    (local.get $0)
    (i32.load8_s
     (local.get $1)
    )
    (i32.const 1)
   )
   (local.get $1)
  )
 )
 (func $start (; has Stack IR ;)
  (drop
   (call $adder
    (i32.const 3)
    (i32.const 5)
   )
  )
 )
 (func $hello (; has Stack IR ;) (param $0 anyref) (result i32)
  (call $write
   (local.get $0)
   (i32.const 0)
   (i32.const 1)
  )
 )
)
(module
 (type $type$0 (func (param anyref i32 i32) (result i32)))
 (type $type$1 (func (param i32 i32) (result i32)))
 (type $type$2 (func))
 (type $type$3 (func (param anyref) (result i32)))
 (import "future-wasi" "write" (func $fimport$0 (param anyref i32 i32) (result i32)))
 (memory $0 1)
 (data (i32.const 0) "hello")
 (table $0 1 1 funcref)
 (elem (i32.const 0) $0)
 (export "adder" (func $0))
 (export "memory" (memory $0))
 (export "hello" (func $2))
 (start $1)
 (func $0 (param $0 i32) (param $1 i32) (result i32)
  (i32.add
   (select
    (local.get $0)
    (i32.load8_s
     (local.get $1)
    )
    (i32.const 1)
   )
   (local.get $1)
  )
 )
 (func $1
  (drop
   (call $0
    (i32.const 3)
    (i32.const 5)
   )
  )
 )
 (func $2 (param $0 anyref) (result i32)
  (call $fimport$0
   (local.get $0)
   (i32.const 0)
   (i32.const 1)
  )
 )
)
(module
 (type $type$0 (func (param anyref i32 i32) (result i32)))
 (type $type$1 (func (param i32 i32) (result i32)))
 (type $type$2 (func))
 (type $type$3 (func (param anyref) (result i32)))
 (import "future-wasi" "write" (func $fimport$0 (param anyref i32 i32) (result i32)))
 (memory $0 1)
 (data (i32.const 0) "hello")
 (table $0 1 1 funcref)
 (elem (i32.const 0) $0)
 (export "adder" (func $0))
 (export "memory" (memory $0))
 (export "hello" (func $2))
 (start $1)
 (func $0 (param $0 i32) (param $1 i32) (result i32)
  local.get $0
  local.get $1
  i32.load8_s
  i32.const 1
  select
  local.get $1
  i32.add
 )
 (func $1
  i32.const 3
  i32.const 5
  call $0
  drop
 )
 (func $2 (param $0 anyref) (result i32)
  local.get $0
  i32.const 0
  i32.const 1
  call $fimport$0
 )
)
